// Jest Snapshot v1, https://goo.gl/fbAQLP

exports[`<Home /> renders correctly 1`] = `
<div
  className="BusquedaPlaceholder"
>
  ¿Que estás buscando?
</div>
`;
